Gym has been unmaintained since 2022 and does not support NumPy 2.0 amongst other critical functionality.
Please upgrade to Gymnasium, the maintained drop-in replacement of Gym, or contact the authors of your software and request that they upgrade.
See the migration guide at https://gymnasium.farama.org/introduction/migration_guide/ for additional information.
C:\Users\Venge\Documents\ai\.venv\Lib\site-packages\gym\spaces\box.py:78: UserWarning: [33mWARN: Box bound precision lowered by casting to float32[0m
  logger.warn(f"Box bound precision lowered by casting to {self.dtype}")
C:\Users\Venge\Documents\dreamerv3-torch\tools.py:747: FutureWarning: `torch.cuda.amp.GradScaler(args...)` is deprecated. Please use `torch.amp.GradScaler('cuda', args...)` instead.
  self._scaler = torch.cuda.amp.GradScaler(enabled=use_amp)
C:\Users\Venge\Documents\ai\.venv\Lib\site-packages\gym\spaces\box.py:78: UserWarning: [33mWARN: Box bound precision lowered by casting to float32[0m
  logger.warn(f"Box bound precision lowered by casting to {self.dtype}")
Encoder CNN shapes: {'image': (64, 64, 3)}
Encoder MLP shapes: {}
Decoder CNN shapes: {'image': (64, 64, 3)}
Decoder MLP shapes: {}
Optimizer model_opt has 15687811 variables.
Optimizer actor_opt has 1056780 variables.
Optimizer value_opt has 1181439 variables.
true returns: 9 policies x 8 episodes in 244s
Encoder CNN shapes: {'image': (64, 64, 3)}
Encoder MLP shapes: {}
Decoder CNN shapes: {'image': (64, 64, 3)}
Decoder MLP shapes: {}
Optimizer model_opt has 15687811 variables.
baseline: imagined returns in 25s
Encoder CNN shapes: {'image': (64, 64, 3)}
Encoder MLP shapes: {}
Decoder CNN shapes: {'image': (64, 64, 3)}
Decoder MLP shapes: {}
Optimizer model_opt has 15687811 variables.
baseline_reseed: imagined returns in 24s
Encoder CNN shapes: {'image': (64, 64, 3)}
Encoder MLP shapes: {}
Decoder CNN shapes: {'image': (64, 64, 3)}
Decoder MLP shapes: {}
Optimizer model_opt has 15687811 variables.
gumbel: imagined returns in 19s
Encoder CNN shapes: {'image': (64, 64, 3)}
Encoder MLP shapes: {}
Decoder CNN shapes: {'image': (64, 64, 3)}
Decoder MLP shapes: {}
Optimizer model_opt has 15687811 variables.
tensorrt_fp16: imagined returns in 17s
Encoder CNN shapes: {'image': (64, 64, 3)}
Encoder MLP shapes: {}
Decoder CNN shapes: {'image': (64, 64, 3)}
Decoder MLP shapes: {}
Optimizer model_opt has 15687811 variables.
latent_noise_0.5: imagined returns in 19s
Encoder CNN shapes: {'image': (64, 64, 3)}
Encoder MLP shapes: {}
Decoder CNN shapes: {'image': (64, 64, 3)}
Decoder MLP shapes: {}
Optimizer model_opt has 15687811 variables.
latent_noise_0: imagined returns in 19s
Encoder CNN shapes: {'image': (64, 64, 3)}
Encoder MLP shapes: {}
Decoder CNN shapes: {'image': (64, 64, 3)}
Decoder MLP shapes: {}
Optimizer model_opt has 15687811 variables.
bf16_autocast: imagined returns in 30s
WARNING:torchao.kernel.intmm:Warning: Detected no triton, on systems without Triton certain kernels will not work
W1004 19:17:06.004000 18240 .venv\Lib\site-packages\torch\distributed\elastic\multiprocessing\redirects.py:29] NOTE: Redirects are currently not supported in Windows or MacOs.
C:\Users\Venge\Documents\dreamerv3-torch\tools.py:747: FutureWarning: `torch.cuda.amp.GradScaler(args...)` is deprecated. Please use `torch.amp.GradScaler('cuda', args...)` instead.
  self._scaler = torch.cuda.amp.GradScaler(enabled=use_amp)
Encoder CNN shapes: {'image': (64, 64, 3)}
Encoder MLP shapes: {}
Decoder CNN shapes: {'image': (64, 64, 3)}
Decoder MLP shapes: {}
Optimizer model_opt has 15687811 variables.
int8_weight_only: imagined returns in 29s
Encoder CNN shapes: {'image': (64, 64, 3)}
Encoder MLP shapes: {}
Decoder CNN shapes: {'image': (64, 64, 3)}
Decoder MLP shapes: {}
Optimizer model_opt has 15687811 variables.
low_rank_0.5: imagined returns in 26s
Encoder CNN shapes: {'image': (64, 64, 3)}
Encoder MLP shapes: {}
Decoder CNN shapes: {'image': (64, 64, 3)}
Decoder MLP shapes: {}
Optimizer model_opt has 15687811 variables.
low_rank_0.25: imagined returns in 27s

Policy returns on the Dreamer walker (8 real episodes per policy; imagined over 60 steps from 24 held-out start states).

| policy | true return | baseline | baseline_reseed | gumbel | tensorrt_fp16 | latent_noise_0.5 | latent_noise_0 | bf16_autocast | int8_weight_only | low_rank_0.5 | low_rank_0.25 |
|---|---|---|---|---|---|---|---|---|---|---|---|
| actor | 824 | 111.7 | 111.8 | 111.7 | 112.6 | 105.6 | 99.0 | 111.8 | 113.2 | 100.1 | 40.2 |
| noise_0.1 | 801 | 110.3 | 109.3 | 110.3 | 110.7 | 106.2 | 92.2 | 109.3 | 110.9 | 96.2 | 36.6 |
| noise_0.3 | 663 | 104.2 | 107.7 | 104.2 | 104.8 | 102.5 | 88.5 | 108.9 | 103.7 | 84.4 | 35.0 |
| noise_0.2 | 644 | 109.8 | 109.3 | 109.8 | 109.3 | 104.0 | 89.1 | 109.0 | 105.7 | 90.9 | 35.0 |
| noise_0.4 | 641 | 106.7 | 104.1 | 106.7 | 107.4 | 97.3 | 88.3 | 108.4 | 105.2 | 75.9 | 34.8 |
| noise_0.5 | 524 | 99.7 | 96.1 | 99.7 | 98.6 | 92.6 | 82.1 | 95.9 | 95.9 | 70.7 | 30.6 |
| noise_0.6 | 442 | 89.2 | 94.7 | 89.2 | 91.8 | 83.8 | 77.1 | 95.0 | 91.7 | 59.5 | 29.2 |
| noise_0.8 | 350 | 64.7 | 68.6 | 64.7 | 65.3 | 66.8 | 56.3 | 71.0 | 68.9 | 46.6 | 24.9 |
| noise_1 | 308 | 49.1 | 51.8 | 49.1 | 51.4 | 53.3 | 49.1 | 53.4 | 52.4 | 39.7 | 25.7 |

Agreement of each model's ranking with the real simulator and with the unoptimized model's:

| model | vs simulator | vs unoptimized model |
|---|---|---|
| baseline | spearman +0.95; kendall +0.89; pairwise 0.94; same best policy yes (n=9) |  |
| baseline_reseed | spearman +0.98; kendall +0.94; pairwise 0.97; same best policy yes (n=9) | spearman +0.98; kendall +0.94; pairwise 0.97; same best policy yes (n=9) |
| gumbel | spearman +0.95; kendall +0.89; pairwise 0.94; same best policy yes (n=9) | spearman +1.00; kendall +1.00; pairwise 1.00; same best policy yes (n=9) |
| tensorrt_fp16 | spearman +0.95; kendall +0.89; pairwise 0.94; same best policy yes (n=9) | spearman +1.00; kendall +1.00; pairwise 1.00; same best policy yes (n=9) |
| latent_noise_0.5 | spearman +0.97; kendall +0.89; pairwise 0.94; same best policy no (n=9) | spearman +0.97; kendall +0.89; pairwise 0.94; same best policy no (n=9) |
| latent_noise_0 | spearman +0.98; kendall +0.94; pairwise 0.97; same best policy yes (n=9) | spearman +0.98; kendall +0.94; pairwise 0.97; same best policy yes (n=9) |
| bf16_autocast | spearman +0.98; kendall +0.94; pairwise 0.97; same best policy yes (n=9) | spearman +0.98; kendall +0.94; pairwise 0.97; same best policy yes (n=9) |
| int8_weight_only | spearman +0.95; kendall +0.89; pairwise 0.94; same best policy yes (n=9) | spearman +1.00; kendall +1.00; pairwise 1.00; same best policy yes (n=9) |
| low_rank_0.5 | spearman +0.98; kendall +0.94; pairwise 0.97; same best policy yes (n=9) | spearman +0.98; kendall +0.94; pairwise 0.97; same best policy yes (n=9) |
| low_rank_0.25 | spearman +0.97; kendall +0.89; pairwise 0.94; same best policy yes (n=9) | spearman +0.97; kendall +0.89; pairwise 0.94; same best policy yes (n=9) |

Ranking, best first: simulator: actor > noise_0.1 > noise_0.3 > noise_0.2 > noise_0.4 > noise_0.5 > noise_0.6 > noise_0.8 > noise_1
- baseline: actor > noise_0.1 > noise_0.2 > noise_0.4 > noise_0.3 > noise_0.5 > noise_0.6 > noise_0.8 > noise_1
- baseline_reseed: actor > noise_0.1 > noise_0.2 > noise_0.3 > noise_0.4 > noise_0.5 > noise_0.6 > noise_0.8 > noise_1
- gumbel: actor > noise_0.1 > noise_0.2 > noise_0.4 > noise_0.3 > noise_0.5 > noise_0.6 > noise_0.8 > noise_1
- tensorrt_fp16: actor > noise_0.1 > noise_0.2 > noise_0.4 > noise_0.3 > noise_0.5 > noise_0.6 > noise_0.8 > noise_1
- latent_noise_0.5: noise_0.1 > actor > noise_0.2 > noise_0.3 > noise_0.4 > noise_0.5 > noise_0.6 > noise_0.8 > noise_1
- latent_noise_0: actor > noise_0.1 > noise_0.2 > noise_0.3 > noise_0.4 > noise_0.5 > noise_0.6 > noise_0.8 > noise_1
- bf16_autocast: actor > noise_0.1 > noise_0.2 > noise_0.3 > noise_0.4 > noise_0.5 > noise_0.6 > noise_0.8 > noise_1
- int8_weight_only: actor > noise_0.1 > noise_0.2 > noise_0.4 > noise_0.3 > noise_0.5 > noise_0.6 > noise_0.8 > noise_1
- low_rank_0.5: actor > noise_0.1 > noise_0.2 > noise_0.3 > noise_0.4 > noise_0.5 > noise_0.6 > noise_0.8 > noise_1
- low_rank_0.25: actor > noise_0.1 > noise_0.2 > noise_0.3 > noise_0.4 > noise_0.5 > noise_0.6 > noise_1 > noise_0.8
