baseline x3 ...
tensorrt + cuda_graphs x3 ...
cuda_graphs + share_pool x3 ...
cuda_graphs + cudnn_benchmark x3 ...
cuda_graphs + channels_last x3 ...
cuda_graphs + low_rank 0.25 x3 ...
cuda_graphs + low_rank 0.5 x3 ...
trt fp16 + cuda_graphs x3 ...
trt + trt_decoder + graphs x3 ...
trt + sparse_decode 2 + graphs x3 ...
trt + sparse_decode 4 + graphs x3 ...
trt + sparse_decode 8 + graphs x3 ...
trt + latent_noise 0 + graphs x3 ...
trt + latent_noise 0.5 + graphs x3 ...
trt + trt_decoder + sparse 4 x3 ...

configuration               speedup  lat(ms)  noise  skill  d_skill  max|d|   psnr   PAES  held MB   drift /s (mean +- sem)
baseline                       1.00    214.6    38%  0.260  +0.0000   0.000  17.95   0.25      544 -0.0026 +- 0.0036  not distinguishable from 0
tensorrt + cuda_graphs        15.26     13.1     1%  0.298  +0.0374   0.152  18.11   4.40      668 -0.0025 +- 0.0019  not distinguishable from 0
cuda_graphs + share_pool       7.61     27.5    13%  0.260  -0.0000   0.000  17.95   1.91      500 -0.0026 +- 0.0036  not distinguishable from 0
cuda_graphs + cudnn_benchmark     9.94     20.9     6%  0.260  +0.0000   0.000  17.95   2.49      606 -0.0026 +- 0.0036  not distinguishable from 0
cuda_graphs + channels_last     8.92     23.6    13%  0.260  -0.0000   0.000  17.95   2.28      672 -0.0026 +- 0.0036  not distinguishable from 0
cuda_graphs + low_rank 0.25    11.19     18.3    11%  0.255  -0.0056   0.190  17.57   2.84      700 +0.0036 +- 0.0029  not distinguishable from 0
cuda_graphs + low_rank 0.5     9.72     21.4    10%  0.271  +0.0107   0.180  17.74   2.61      718 +0.0006 +- 0.0015  not distinguishable from 0
trt fp16 + cuda_graphs        19.75      9.9     1%  0.301  +0.0411   0.149  18.14   5.76      668 -0.0025 +- 0.0019  not distinguishable from 0
trt + trt_decoder + graphs    16.62     12.0     4%  0.298  +0.0375   0.152  18.11   4.80      338 -0.0025 +- 0.0019  not distinguishable from 0
trt + sparse_decode 2 + graphs    16.72     11.9     1%  0.304  +0.0443   0.159  18.28   4.93      412 -0.0026 +- 0.0018  not distinguishable from 0
trt + sparse_decode 4 + graphs    17.39     11.4     1%  0.307  +0.0467   0.158  18.39   5.15      380 -0.0027 +- 0.0019  not distinguishable from 0
trt + sparse_decode 8 + graphs    17.75     11.1     0%  0.302  +0.0417   0.154  18.37   5.19      362 -0.0022 +- 0.0021  not distinguishable from 0
trt + latent_noise 0 + graphs    15.57     12.9     0%  0.248  -0.0119   0.117  17.56   3.77      668 -0.0011 +- 0.0032  not distinguishable from 0
trt + latent_noise 0.5 + graphs    15.52     12.9     1%  0.264  +0.0039   0.117  17.82   3.96      668 -0.0013 +- 0.0045  not distinguishable from 0
trt + trt_decoder + sparse 4    17.61     11.2     1%  0.307  +0.0467   0.158  18.39   5.21      338 -0.0027 +- 0.0019  not distinguishable from 0
