baseline x3 ...
tensorrt + cuda_graphs x3 ...
cuda_graphs + share_pool x3 ...
cuda_graphs + cudnn_benchmark x3 ...
cuda_graphs + channels_last x3 ...
cuda_graphs + low_rank 0.25 x3 ...
cuda_graphs + low_rank 0.5 x3 ...
trt fp16 + cuda_graphs x3 ...
trt + trt_decoder + graphs x3 ...
trt + sparse_decode 2 + graphs x3 ...
trt + sparse_decode 4 + graphs x3 ...
trt + sparse_decode 8 + graphs x3 ...
trt + latent_noise 0 + graphs x3 ...
trt + latent_noise 0.5 + graphs x3 ...
trt + trt_decoder + sparse 4 x3 ...

configuration               speedup  lat(ms)  noise  skill  d_skill  max|d|   psnr   PAES  held MB   drift /s (mean +- sem)
baseline                       1.00     56.1    12%  0.299  +0.0000   0.000  19.58   0.27      286 -0.0923 +- 0.0088  detectable
tensorrt + cuda_graphs        12.31      4.1     0%  0.250  -0.0493   0.347  19.01   2.28      394 -0.0892 +- 0.0089  detectable
cuda_graphs + share_pool       8.90      6.0     2%  0.299  +0.0000   0.000  19.58   2.23      286 -0.0923 +- 0.0088  detectable
cuda_graphs + cudnn_benchmark     8.55      6.1     5%  0.299  -0.0000   0.000  19.58   2.11      396 -0.0923 +- 0.0088  detectable
cuda_graphs + channels_last     8.63      6.1     8%  0.299  -0.0000   0.000  19.58   2.13      394 -0.0923 +- 0.0088  detectable
cuda_graphs + low_rank 0.25    10.23      5.1     1%  0.112  -0.1872   0.488  17.80   1.01      422 -0.0438 +- 0.0080  detectable
cuda_graphs + low_rank 0.5     9.23      5.7     9%  0.185  -0.1139   0.493  18.15   1.46      440 -0.0759 +- 0.0104  detectable
trt fp16 + cuda_graphs        14.67      3.4     1%  0.251  -0.0482   0.330  19.02   2.59      394 -0.0880 +- 0.0096  detectable
trt + trt_decoder + graphs    13.51      3.7     6%  0.250  -0.0493   0.347  19.01   2.44      350 -0.0892 +- 0.0089  detectable
trt + sparse_decode 2 + graphs    12.18      4.1     3%  0.236  -0.0627   0.330  18.97   2.10      350 -0.0814 +- 0.0081  detectable
trt + sparse_decode 4 + graphs    13.11      3.9     2%  0.203  -0.0964   0.342  18.66   2.04      354 -0.0655 +- 0.0076  detectable
trt + sparse_decode 8 + graphs    13.27      3.8     6%  0.171  -0.1282   0.390  18.40   1.75      352 -0.0560 +- 0.0073  detectable
trt + latent_noise 0 + graphs    12.35      4.1     2%  0.237  -0.0616   0.493  18.94   2.11      394 -0.0956 +- 0.0119  detectable
trt + latent_noise 0.5 + graphs    11.81      4.3     3%  0.266  -0.0331   0.389  19.20   2.30      394 -0.0960 +- 0.0102  detectable
trt + trt_decoder + sparse 4    13.71      3.7     2%  0.203  -0.0964   0.342  18.66   2.13      350 -0.0655 +- 0.0076  detectable
