baseline x3 ...
cuda_graphs x3 ...
lean_scan x3 ...
lean_scan + cuda_graphs x3 ...
tf32 x3 ...
tf32 + cuda_graphs x3 ...
bf16 x3 ...
bf16 + cuda_graphs x3 ...
fp16 + cuda_graphs x3 ...
int8 weight-only x3 ...
int8 + cuda_graphs x3 ...
lean + tf32 + graphs x3 ...
no_dist_validation x3 ...
gumbel x3 ...
gumbel + cuda_graphs x3 ...
tensorrt x3 ...
tensorrt + cuda_graphs x3 ...
lean + bf16 + graphs x3 ...

configuration               speedup  lat(ms)  noise  skill  d_skill  max|d|   psnr   PAES  held MB   drift /s (mean +- sem)
baseline                       1.00    231.8    32%  0.260  +0.0000   0.000  17.95   0.25      544 -0.0026 +- 0.0036  not distinguishable from 0
cuda_graphs                   10.50     21.0     1%  0.260  -0.0000   0.000  17.95   2.61      672 -0.0026 +- 0.0036  not distinguishable from 0
lean_scan                      1.12    201.1     8%  0.260  +0.0000   0.000  17.95   0.28      544 -0.0026 +- 0.0036  not distinguishable from 0
lean_scan + cuda_graphs       10.56     20.7     2%  0.260  +0.0000   0.000  17.95   2.64      668 -0.0026 +- 0.0036  not distinguishable from 0
tf32                           1.05    228.6    14%  0.260  -0.0000   0.000  17.95   0.25      544 -0.0026 +- 0.0036  not distinguishable from 0
tf32 + cuda_graphs            10.30     21.4     9%  0.260  -0.0000   0.000  17.95   2.56      672 -0.0026 +- 0.0036  not distinguishable from 0
bf16                           0.78    286.1    45%  0.268  +0.0079   0.099  17.93   0.21      438 +0.0008 +- 0.0043  not distinguishable from 0
bf16 + cuda_graphs             7.65     29.0     5%  0.268  +0.0079   0.099  17.93   2.03      570 +0.0008 +- 0.0043  not distinguishable from 0
fp16 + cuda_graphs             7.19     30.7    11%  0.276  +0.0159   0.106  18.04   1.97      570 -0.0011 +- 0.0026  not distinguishable from 0
int8 weight-only               0.93    246.0     2%  0.270  +0.0103   0.083  17.89   0.24      544 -0.0028 +- 0.0034  not distinguishable from 0
int8 + cuda_graphs             8.10     27.3    10%  0.270  +0.0103   0.083  17.89   2.16      730 -0.0028 +- 0.0034  not distinguishable from 0
lean + tf32 + graphs          10.58     20.7     5%  0.260  -0.0000   0.000  17.95   2.64      668 -0.0026 +- 0.0036  not distinguishable from 0
no_dist_validation             0.87    284.4    36%  0.260  +0.0000   0.000  17.95   0.24      544 -0.0026 +- 0.0036  not distinguishable from 0
gumbel                         2.40     93.0    28%  0.299  +0.0389   0.155  18.12   0.70      544 -0.0023 +- 0.0018  not distinguishable from 0
gumbel + cuda_graphs          12.27     17.7     1%  0.299  +0.0389   0.155  18.12   3.56      668 -0.0023 +- 0.0018  not distinguishable from 0
tensorrt                       5.74     35.7     9%  0.298  +0.0374   0.152  18.11   1.63      544 -0.0025 +- 0.0019  not distinguishable from 0
tensorrt + cuda_graphs        16.59     12.9     0%  0.298  +0.0374   0.152  18.11   4.78      668 -0.0025 +- 0.0019  not distinguishable from 0
lean + bf16 + graphs           8.91     24.8     1%  0.268  +0.0079   0.099  17.93   2.32      570 +0.0008 +- 0.0043  not distinguishable from 0
