=== baseline ...
=== baseline (repeat) ...
=== fbc_0.05 ...
=== fbc_0.1 ...
=== pab_2 ...
=== taylorseer_3 ...
=== cfg_trunc_0.6 ...
=== cfg_trunc_0.4 ...
=== cfg0.4+pab_2 ...
=== wc_0.02 ...
=== wc_0.04 ...
=== wc_0.08 ...
=== wc_0.04_nointerp ...
=== wc_0.04_nosched ...
=== wc_0.04_nosal ...
=== wc_0.04_nomotion ...
=== wc_0.08_prevstep ...
=== cfg0.6+wc_0.04 ...
=== steps_20 ...

mean +- standard error over clips (n per row below); PSNR capped at 60 dB
configuration            n     latency s       speedup         PSNR          SSIM         skill  peak GB  notes
baseline                32    12.5 +-0.0   1.00 +-0.00   60.0 +-0.0 1.000 +-0.000 1.000 +-0.000     7.54  
baseline (repeat)       32    12.5 +-0.0   1.00 +-0.00   60.0 +-0.0 1.000 +-0.000 1.000 +-0.000     4.40  
fbc_0.05                32    10.1 +-0.0   1.23 +-0.00   21.5 +-0.8 0.843 +-0.014 0.207 +-0.049     4.44  
fbc_0.1                 32     7.2 +-0.0   1.72 +-0.01   14.6 +-0.8 0.610 +-0.029 0.026 +-0.018     4.43  
pab_2                   32    11.6 +-0.0   1.07 +-0.00   26.6 +-0.6 0.928 +-0.006 0.366 +-0.057     4.58  
taylorseer_3            32     9.3 +-0.0   1.34 +-0.00   14.5 +-0.6 0.614 +-0.026 0.035 +-0.022     5.88  
cfg_trunc_0.6           32    10.3 +-0.0   1.21 +-0.00   30.8 +-0.6 0.965 +-0.003 0.558 +-0.049     4.40  
cfg_trunc_0.4           32     9.1 +-0.0   1.36 +-0.00   25.9 +-0.6 0.919 +-0.007 0.349 +-0.055     4.40  
cfg0.4+pab_2            32     8.7 +-0.0   1.43 +-0.00   26.3 +-0.6 0.921 +-0.007 0.348 +-0.056     4.58  
wc_0.02                 32    10.3 +-0.0   1.21 +-0.01   27.0 +-0.9 0.930 +-0.009 0.419 +-0.060     4.47  
wc_0.04                 32     7.6 +-0.0   1.65 +-0.01   19.2 +-0.6 0.788 +-0.019 0.136 +-0.040     4.47  
wc_0.08                 32     5.2 +-0.0   2.40 +-0.02   13.4 +-0.7 0.547 +-0.031 0.015 +-0.010     4.47  
wc_0.04_nointerp        32     7.4 +-0.0   1.69 +-0.01   19.7 +-0.6 0.796 +-0.020 0.158 +-0.043     4.47  
wc_0.04_nosched         32    12.5 +-0.0   1.00 +-0.00   56.6 +-1.9 0.989 +-0.007 0.929 +-0.042     4.47  
wc_0.04_nosal           32     7.5 +-0.0   1.65 +-0.01   19.2 +-0.6 0.787 +-0.019 0.136 +-0.040     4.47  
wc_0.04_nomotion        32     7.0 +-0.0   1.78 +-0.01   18.1 +-0.7 0.750 +-0.021 0.080 +-0.035     4.47  
wc_0.08_prevstep        32     2.5 +-0.1   5.01 +-0.11   10.1 +-0.6 0.374 +-0.025 0.001 +-0.001     4.47  
cfg0.6+wc_0.04          32     6.3 +-0.0   1.98 +-0.01   19.4 +-0.6 0.789 +-0.019 0.136 +-0.040     4.47  
steps_20                32     8.7 +-0.0   1.43 +-0.00   13.3 +-0.7 0.553 +-0.032 0.022 +-0.013     4.40  
