=== fbc_0.1 ...
=== cfg_trunc_0.6 ...
=== cfg0.4+pab_2 ...
=== wc_0.04 ...
=== wc_0.08 ...
=== ada_slow30 ...
=== ada_fast30 ...
=== cfg0.6+wc_0.04 ...
=== perturb_1e-4 ...
=== perturb_1e-2 ...

mean +- standard error over clips (n per row below); PSNR capped at 60 dB
configuration            n     latency s       speedup         PSNR          SSIM         skill     style dev      dino sim    clip delta  peak GB  notes
fbc_0.1                 32     7.2 +-0.0   1.73 +-0.01   14.6 +-0.8 0.610 +-0.029 0.026 +-0.018 0.296 +-0.039 0.679 +-0.025 0.002 +-0.008     4.43  
cfg_trunc_0.6           32    10.2 +-0.0   1.22 +-0.00   30.8 +-0.6 0.965 +-0.003 0.558 +-0.049 0.040 +-0.004 0.968 +-0.004 -0.003 +-0.001     4.40  
cfg0.4+pab_2            32     8.7 +-0.0   1.44 +-0.00   26.3 +-0.6 0.921 +-0.007 0.348 +-0.056 0.057 +-0.006 0.930 +-0.008 -0.005 +-0.002     4.58  
wc_0.04                 32     7.5 +-0.0   1.66 +-0.01   19.2 +-0.6 0.788 +-0.019 0.136 +-0.040 0.126 +-0.016 0.834 +-0.016 -0.005 +-0.004     4.47  
wc_0.08                 32     5.2 +-0.0   2.41 +-0.02   13.4 +-0.7 0.547 +-0.031 0.015 +-0.010 0.429 +-0.035 0.576 +-0.025 -0.035 +-0.009     4.47  
ada_slow30              32     7.3 +-0.1   1.72 +-0.01   18.5 +-0.9 0.700 +-0.038 0.092 +-0.038 0.318 +-0.057 0.693 +-0.044 -0.017 +-0.008     5.51  
ada_fast30              32     4.9 +-0.0   2.52 +-0.01   11.1 +-0.7 0.440 +-0.036 0.010 +-0.008 0.775 +-0.089 0.454 +-0.033 -0.058 +-0.013     5.51  
cfg0.6+wc_0.04          32     6.3 +-0.0   1.99 +-0.01   19.4 +-0.6 0.789 +-0.019 0.136 +-0.040 0.125 +-0.016 0.832 +-0.017 -0.004 +-0.004     4.47  
perturb_1e-4            32    12.5 +-0.0   1.00 +-0.00   21.8 +-1.1 0.843 +-0.017 0.257 +-0.053 0.080 +-0.015 0.888 +-0.016 0.007 +-0.003     4.40  
perturb_1e-2            32    12.5 +-0.0   1.00 +-0.00   21.4 +-1.1 0.832 +-0.020 0.250 +-0.050 0.081 +-0.011 0.876 +-0.014 0.003 +-0.004     4.40  
