=== mag_0.06 ...
=== mag_0.12 ...
=== mag_0.24 ...
=== tf32 ...
=== cudnn_bench ...
=== sched_unipc_shift8_s20 ...
=== sched_unipc_shift5_s15 ...
=== s20shift5+cfg0.6 ...
=== s20shift5+cfg0.4+pab ...
=== lossless_kv+vae_bf16 ...
=== kv+vae_bf16+cfg0.4+pab ...

mean +- standard error over clips (n per row below); PSNR capped at 60 dB
configuration            n     latency s       speedup         PSNR          SSIM         skill     style dev      dino sim    clip delta  peak GB  notes
mag_0.06                32     8.4 +-0.0   1.49 +-0.00   21.8 +-0.8 0.843 +-0.016 0.246 +-0.047 0.081 +-0.008 0.885 +-0.013 0.005 +-0.003     4.41  
mag_0.12                32     6.9 +-0.0   1.80 +-0.00   21.0 +-0.8 0.826 +-0.016 0.199 +-0.045 0.100 +-0.011 0.861 +-0.014 0.004 +-0.003     4.41  
mag_0.24                32     6.2 +-0.0   2.03 +-0.00   21.0 +-0.8 0.823 +-0.016 0.191 +-0.045 0.108 +-0.011 0.855 +-0.015 0.004 +-0.004     4.41  
tf32                    32    12.5 +-0.0   1.00 +-0.00   60.0 +-0.0 1.000 +-0.000 1.000 +-0.000 0.000 +-0.000 1.000 +-0.000 0.000 +-0.000     4.40  
cudnn_bench             32    12.5 +-0.0   1.00 +-0.00   60.0 +-0.0 1.000 +-0.000 0.999 +-0.000 0.001 +-0.000 1.000 +-0.000 0.000 +-0.000     4.48  
sched_unipc_shift8_s20  32     8.7 +-0.0   1.42 +-0.00   13.0 +-0.7 0.545 +-0.027 0.011 +-0.011 0.388 +-0.049 0.650 +-0.027 0.008 +-0.006     4.40  
sched_unipc_shift5_s15  32     6.9 +-0.0   1.82 +-0.00   14.2 +-0.7 0.603 +-0.029 0.041 +-0.024 0.279 +-0.033 0.688 +-0.027 -0.002 +-0.006     4.40  
s20shift5+cfg0.6        32     7.2 +-0.0   1.72 +-0.00   16.9 +-0.9 0.700 +-0.027 0.089 +-0.036 0.242 +-0.035 0.754 +-0.025 -0.005 +-0.006     4.40  
s20shift5+cfg0.4+pab    32     6.3 +-0.0   1.97 +-0.00   16.9 +-0.8 0.685 +-0.024 0.073 +-0.030 0.245 +-0.036 0.734 +-0.024 -0.010 +-0.007     4.58  
lossless_kv+vae_bf16    32    11.8 +-0.0   1.06 +-0.00   51.4 +-0.3 0.998 +-0.001 0.941 +-0.007 0.013 +-0.002 0.999 +-0.000 0.000 +-0.000     3.80  
kv+vae_bf16+cfg0.4+pab  32     8.1 +-0.0   1.54 +-0.00   26.3 +-0.6 0.922 +-0.007 0.345 +-0.055 0.062 +-0.006 0.930 +-0.008 -0.005 +-0.002     3.98  
