=== sched_dpmpp_s20 ...
=== sched_euler_s20 ...
=== sched_unipc_o3_s20 ...
=== sched_unipc_shift5_s20 ...
=== sched_unipc_shift1.5_s20 ...
=== uncond_reuse_2 ...
=== uncond_reuse_3 ...
=== kv_cache ...
=== vae_tiling ...
=== vae_bf16 ...
=== kv+uncond2+cfg0.6 ...

mean +- standard error over clips (n per row below); PSNR capped at 60 dB
configuration            n     latency s       speedup         PSNR          SSIM         skill     style dev      dino sim    clip delta  peak GB  notes
sched_dpmpp_s20         32     8.6 +-0.0   1.44 +-0.00   12.9 +-0.6 0.543 +-0.030 0.015 +-0.011 0.341 +-0.033 0.644 +-0.024 -0.002 +-0.007     4.40  
sched_euler_s20         32     8.7 +-0.0   1.44 +-0.00   12.7 +-0.7 0.531 +-0.032 0.020 +-0.013 0.405 +-0.037 0.639 +-0.027 0.007 +-0.009     4.40  
sched_unipc_o3_s20      32     8.7 +-0.0   1.43 +-0.00   13.3 +-0.7 0.553 +-0.032 0.021 +-0.013 0.339 +-0.030 0.643 +-0.022 -0.012 +-0.006     4.40  
sched_unipc_shift5_s20  32     8.7 +-0.0   1.43 +-0.00   16.8 +-0.9 0.696 +-0.027 0.089 +-0.037 0.233 +-0.034 0.764 +-0.026 -0.000 +-0.006     4.40  
sched_unipc_shift1.5_s20  32     8.7 +-0.0   1.43 +-0.00   11.4 +-0.6 0.487 +-0.032 0.007 +-0.007 0.480 +-0.044 0.554 +-0.029 -0.032 +-0.011     4.40  
uncond_reuse_2          32     9.7 +-0.0   1.29 +-0.00    9.3 +-0.6 0.462 +-0.034 0.000 +-0.000 0.961 +-0.083 0.358 +-0.029 -0.079 +-0.012     4.40  
uncond_reuse_3          32     8.7 +-0.0   1.43 +-0.00    8.6 +-0.6 0.454 +-0.033 0.000 +-0.000 1.359 +-0.078 0.222 +-0.026 -0.122 +-0.012     4.40  
kv_cache                32    12.3 +-0.0   1.02 +-0.00   60.0 +-0.0 1.000 +-0.000 1.000 +-0.000 0.000 +-0.000 1.000 +-0.000 0.000 +-0.000     4.62  
vae_tiling              32    12.7 +-0.0   0.98 +-0.00   56.3 +-0.4 1.000 +-0.000 0.984 +-0.002 0.001 +-0.000 1.000 +-0.000 0.000 +-0.000     4.15  
vae_bf16                32    12.0 +-0.0   1.04 +-0.00   51.4 +-0.3 0.998 +-0.001 0.941 +-0.007 0.013 +-0.002 0.999 +-0.000 0.000 +-0.000     3.63  
kv+uncond2+cfg0.6       32     8.4 +-0.0   1.48 +-0.00    9.2 +-0.6 0.466 +-0.034 0.000 +-0.000 1.079 +-0.107 0.384 +-0.031 -0.079 +-0.013     4.62  
