=== fbc_0.05 ...
=== fbc_0.1 ...
=== pab_2 ...
=== taylorseer_3 ...
=== cfg_trunc_0.6 ...
=== cfg_trunc_0.4 ...
=== cfg0.4+pab_2 ...
=== wc_0.02 ...
=== wc_0.04 ...
=== wc_0.08 ...
=== cfg0.6+wc_0.04 ...
=== perturb_1e-4 ...
=== perturb_1e-2 ...
=== steps_20 ...

mean +- standard error over clips (n per row below); PSNR capped at 60 dB
configuration            n     latency s       speedup         PSNR          SSIM         skill     style dev  peak GB  notes
fbc_0.05                32    10.1 +-0.0   1.24 +-0.00   21.5 +-0.8 0.843 +-0.014 0.207 +-0.049 0.089 +-0.014     4.44  
fbc_0.1                 32     7.2 +-0.0   1.73 +-0.01   14.6 +-0.8 0.610 +-0.029 0.026 +-0.018 0.296 +-0.039     4.43  
pab_2                   32    11.5 +-0.0   1.08 +-0.00   26.6 +-0.6 0.928 +-0.006 0.366 +-0.057 0.059 +-0.005     4.58  
taylorseer_3            32     9.3 +-0.0   1.35 +-0.00   14.5 +-0.6 0.614 +-0.026 0.035 +-0.022 0.291 +-0.028     5.88  
cfg_trunc_0.6           32    10.2 +-0.0   1.22 +-0.00   30.8 +-0.6 0.965 +-0.003 0.558 +-0.049 0.040 +-0.004     4.40  
cfg_trunc_0.4           32     9.1 +-0.0   1.37 +-0.00   25.9 +-0.6 0.919 +-0.007 0.349 +-0.055 0.058 +-0.006     4.40  
cfg0.4+pab_2            32     8.7 +-0.0   1.44 +-0.00   26.3 +-0.6 0.921 +-0.007 0.348 +-0.056 0.057 +-0.006     4.58  
wc_0.02                 32    10.3 +-0.0   1.21 +-0.01   27.0 +-0.9 0.930 +-0.009 0.419 +-0.060 0.045 +-0.005     4.47  
wc_0.04                 32     7.5 +-0.0   1.65 +-0.01   19.2 +-0.6 0.788 +-0.019 0.136 +-0.040 0.126 +-0.016     4.47  
wc_0.08                 32     5.2 +-0.0   2.40 +-0.02   13.4 +-0.7 0.547 +-0.031 0.015 +-0.010 0.429 +-0.035     4.47  
cfg0.6+wc_0.04          32     6.3 +-0.0   1.99 +-0.01   19.4 +-0.6 0.789 +-0.019 0.136 +-0.040 0.125 +-0.016     4.47  
perturb_1e-4            32    12.5 +-0.0   1.00 +-0.00   21.8 +-1.1 0.843 +-0.017 0.257 +-0.053 0.080 +-0.015     4.40  
perturb_1e-2            32    12.5 +-0.0   1.00 +-0.00   21.4 +-1.1 0.832 +-0.020 0.250 +-0.050 0.081 +-0.011     4.40  
steps_20                32     8.7 +-0.0   1.43 +-0.00   13.3 +-0.7 0.553 +-0.032 0.022 +-0.013 0.332 +-0.030     4.40  
